--------------------------------------------------------------------------------------
Timing Analyzer Summary
--------------------------------------------------------------------------------------

Type           : Worst-case tsu
Slack          : N/A
Required Time  : None
Actual Time    : 5.203 ns
From           : num_x[31]
To             : x1[31]
From Clock     : --
To Clock       : time_sig
Failed Paths   : 0

Type           : Worst-case tco
Slack          : N/A
Required Time  : None
Actual Time    : 10.290 ns
From           : p1[1]
To             : tr_signal
From Clock     : time_sig
To Clock       : --
Failed Paths   : 0

Type           : Worst-case tpd
Slack          : N/A
Required Time  : None
Actual Time    : 11.030 ns
From           : num_n[1]
To             : tr_signal
From Clock     : --
To Clock       : --
Failed Paths   : 0

Type           : Worst-case th
Slack          : N/A
Required Time  : None
Actual Time    : -2.311 ns
From           : num_x[4]
To             : p1[4]
From Clock     : --
To Clock       : time_sig
Failed Paths   : 0

Type           : Clock Setup: 'time_sig'
Slack          : N/A
Required Time  : None
Actual Time    : 131.06 MHz ( period = 7.630 ns )
From           : m[0]
To             : x1[31]
From Clock     : time_sig
To Clock       : time_sig
Failed Paths   : 0

Type           : Total number of failed paths
Slack          : 
Required Time  : 
Actual Time    : 
From           : 
To             : 
From Clock     : 
To Clock       : 
Failed Paths   : 0

--------------------------------------------------------------------------------------

